// Jest Snapshot v1, https://goo.gl/fbAQLP

exports[`Gradient renders default 1`] = `
.c0 {
  z-index: 1;
  width: 100%;
  background-image: linear-gradient(76deg,#026cdf,#3ac7ff);
}

.c0.gradient--overlay:after,
.c0.gradient--underlay:after {
  height: 100%;
  content: "";
  top: 0;
  left: 0;
  right: 0;
  position: absolute;
}

.c0.gradient--underlay.gradient--spotlight:after {
  z-index: -1;
  opacity: 0.8;
  background-image: linear-gradient(76deg,#026cdf,#3ac7ff);
}

.c0:not(.gradient--spotlight).gradient--overlay:after {
  z-index: 2;
  opacity: 0.4;
  background-image: linear-gradient(77deg,rgba(0,0,0,0),#000000);
}

.c0:not(.gradient--spotlight).gradient--underlay:after {
  z-index: -1;
  opacity: 0.8;
  background-image: linear-gradient(76deg,#026cdf,#3ac7ff);
}

@media screen and (min-width:768px) {
  .c0 {
    background-image: linear-gradient(80deg,#026cdf,#3ac7ff);
  }
}

@media screen and (min-width:1024px) {
  .c0 {
    background-image: linear-gradient(81deg,#026cdf,#3ac7ff);
  }
}

@media screen and (min-width:1024px) {
  .c0.gradient--spotlight {
    box-shadow: inset 0 1px 40px 10px rgba(0,0,0,0.15);
  }
}

@media screen and (min-width:768px) {
  .c0.gradient--underlay.gradient--spotlight:after {
    background-image: linear-gradient(80deg,#026cdf,#3ac7ff);
  }
}

@media screen and (min-width:1024px) {
  .c0.gradient--underlay.gradient--spotlight:after {
    background-image: linear-gradient(81deg,#026cdf,#3ac7ff);
  }
}

@media screen and (min-width:768px) {
  .c0:not(.gradient--spotlight).gradient--overlay:after {
    background-image: linear-gradient(82deg,rgba(0,0,0,0),#000000);
  }
}

@media screen and (min-width:1024px) {
  .c0:not(.gradient--spotlight).gradient--overlay:after {
    background-image: linear-gradient(86deg,rgba(0,0,0,0),#000000);
  }
}

@media screen and (min-width:768px) {
  .c0:not(.gradient--spotlight).gradient--underlay:after {
    background-image: linear-gradient(80deg,#026cdf,#3ac7ff);
  }
}

@media screen and (min-width:1024px) {
  .c0:not(.gradient--spotlight).gradient--underlay:after {
    background-image: linear-gradient(81deg,#026cdf,#3ac7ff);
  }
}

<span
  className="c0"
/>
`;

exports[`Gradient renders with spotlight elements 1`] = `
.c2 {
  position: absolute;
  top: 0;
  right: 0;
  bottom: 0;
  left: 0;
  width: auto;
  height: 100%;
}

.c3 {
  position: absolute;
  right: 0;
  bottom: 0;
  height: 100%;
  width: auto;
}

.c0 {
  z-index: 1;
  width: 100%;
  background-image: linear-gradient(256deg,rgb(0,45,161),rgba(2,108,223,1) 55%,rgb(0,45,161));
}

.c0.gradient--overlay:after,
.c0.gradient--underlay:after {
  height: 100%;
  content: "";
  top: 0;
  left: 0;
  right: 0;
  position: absolute;
}

.c0.gradient--underlay.gradient--spotlight:after {
  z-index: -1;
  opacity: 0.8;
  background-image: linear-gradient(256deg,rgb(0,45,161),rgba(2,108,223,1) 55%,rgb(0,45,161));
}

.c0:not(.gradient--spotlight).gradient--overlay:after {
  z-index: 2;
  opacity: 0.4;
  background-image: linear-gradient(77deg,rgba(0,0,0,0),#000000);
}

.c0:not(.gradient--spotlight).gradient--underlay:after {
  z-index: -1;
  opacity: 0.8;
  background-image: linear-gradient(256deg,rgb(0,45,161),rgba(2,108,223,1) 55%,rgb(0,45,161));
}

.c1 {
  position: absolute;
  top: 0;
  bottom: 0;
  left: 0;
  right: 0;
  overflow: hidden;
}

@media screen and (min-width:768px) {
  .c0 {
    background-image: linear-gradient(260deg,rgb(0,45,161),rgba(2,108,223,1) 55%,rgb(0,45,161));
  }
}

@media screen and (min-width:1024px) {
  .c0 {
    background-image: linear-gradient(262deg,rgb(0,45,161),rgba(2,108,223,1) 55%,rgb(0,45,161));
  }
}

@media screen and (min-width:1024px) {
  .c0.gradient--spotlight {
    box-shadow: inset 0 1px 40px 10px rgba(0,0,0,0.15);
  }
}

@media screen and (min-width:768px) {
  .c0.gradient--underlay.gradient--spotlight:after {
    background-image: linear-gradient(260deg,rgb(0,45,161),rgba(2,108,223,1) 55%,rgb(0,45,161));
  }
}

@media screen and (min-width:1024px) {
  .c0.gradient--underlay.gradient--spotlight:after {
    background-image: linear-gradient(262deg,rgb(0,45,161),rgba(2,108,223,1) 55%,rgb(0,45,161));
  }
}

@media screen and (min-width:768px) {
  .c0:not(.gradient--spotlight).gradient--overlay:after {
    background-image: linear-gradient(82deg,rgba(0,0,0,0),#000000);
  }
}

@media screen and (min-width:1024px) {
  .c0:not(.gradient--spotlight).gradient--overlay:after {
    background-image: linear-gradient(86deg,rgba(0,0,0,0),#000000);
  }
}

@media screen and (min-width:768px) {
  .c0:not(.gradient--spotlight).gradient--underlay:after {
    background-image: linear-gradient(260deg,rgb(0,45,161),rgba(2,108,223,1) 55%,rgb(0,45,161));
  }
}

@media screen and (min-width:1024px) {
  .c0:not(.gradient--spotlight).gradient--underlay:after {
    background-image: linear-gradient(262deg,rgb(0,45,161),rgba(2,108,223,1) 55%,rgb(0,45,161));
  }
}

<span
  className="gradient--spotlight c0"
>
  <div
    className="c1"
  >
    <svg
      className="c2"
      id="spotlightLeft"
      preserveAspectRatio="xMinYMid meet"
      viewBox="0 0 1440 218"
      xmlns="http://www.w3.org/2000/svg"
      xmlnsXlink="http://www.w3.org/1999/xlink"
    >
      <defs>
        <linearGradient
          id="a"
          x1="61.654%"
          x2="3.355%"
          y1="100%"
          y2="0%"
        >
          <stop
            offset="0%"
            stopColor="#024691"
          />
          <stop
            offset="52.996%"
            stopColor="#BADBFE"
          />
          <stop
            offset="100%"
            stopColor="#C56BFF"
          />
        </linearGradient>
        <linearGradient
          id="c"
          x1="74.395%"
          x2=".532%"
          y1="129.212%"
          y2="-28.101%"
        >
          <stop
            offset="0%"
            stopOpacity="0"
          />
          <stop
            offset="100%"
            stopOpacity=".4"
          />
          <stop
            offset="100%"
          />
          <stop
            offset="100%"
            stopOpacity=".4"
          />
        </linearGradient>
        <path
          d="M0 .748h138.365l1325.043 217.52H413.554z"
          id="b"
        />
      </defs>
      <g
        fill="none"
        fillRule="nonzero"
        opacity=".102"
        transform="translate(-20)"
      >
        <use
          fill="url(#a)"
          xlinkHref="#b"
        />
        <use
          fill="url(#c)"
          xlinkHref="#b"
        />
      </g>
    </svg>
    <svg
      className="c3"
      id="spotlightAngle"
      preserveAspectRatio="xMaxYMid meet"
      viewBox="0 0 476 218"
      xmlns="http://www.w3.org/2000/svg"
      xmlnsXlink="http://www.w3.org/1999/xlink"
    >
      <defs>
        <linearGradient
          id="Angle-linearGradient-1"
          x1="21.6784013%"
          x2="53.474493%"
          y1="112.586732%"
          y2="23.9282924%"
        >
          <stop
            offset="0%"
            stopColor="#000000"
            stopOpacity="0"
          />
          <stop
            offset="100%"
            stopColor="#000000"
          />
          <stop
            offset="100%"
            stopColor="#000000"
          />
        </linearGradient>
      </defs>
      <g
        fill="none"
        fillRule="evenodd"
        opacity="0.0490513393"
        stroke="none"
        strokeWidth="1"
      >
        <g
          fill="url(#Angle-linearGradient-1)"
          fillRule="nonzero"
          transform="translate(-1016.000000, -184.000000)"
        >
          <g
            transform="translate(52.000000, 184.000000)"
          >
            <g
              transform="translate(-20.000000, 0.000000)"
            >
              <polygon
                points="984.668337 0 1460 218 984.668337 218"
                transform="translate(1222.334169, 109.000000) scale(-1, 1) translate(-1222.334169, -109.000000) "
              />
            </g>
          </g>
        </g>
      </g>
    </svg>
  </div>
</span>
`;
